[2026-02-06T13:51:13.716Z] GET /api/events
ReferenceError: id is not defined
    at exports.getAllEvents (D:\sdp system\backend\src\controllers\event.controller.js:103:41)
-----------------
